13:01:49 **** Build of configuration Debug for project Test_CubeMX ****
make -j8 all 
arm-none-eabi-gcc "../Core/Src/main.c" -mcpu=cortex-m3 -std=gnu11 -g3 -DSTM32F103xE -DUSE_HAL_DRIVER -DDEBUG -c -I../Drivers/CMSIS/Device/ST/STM32F1xx/Include -I../Drivers/CMSIS/Include -I../Core/Inc -I../Drivers/STM32F1xx_HAL_Driver/Inc/Legacy -I../Drivers/STM32F1xx_HAL_Driver/Inc -O0 -ffunction-sections -fdata-sections -Wall -fstack-usage -MMD -MP -MF"Core/Src/main.d" -MT"Core/Src/main.o" --specs=nano.specs -mfloat-abi=soft -mthumb -o "Core/Src/main.o"
arm-none-eabi-gcc "../Core/Src/bldc.c" -mcpu=cortex-m3 -std=gnu11 -g3 -DSTM32F103xE -DUSE_HAL_DRIVER -DDEBUG -c -I../Drivers/CMSIS/Device/ST/STM32F1xx/Include -I../Drivers/CMSIS/Include -I../Core/Inc -I../Drivers/STM32F1xx_HAL_Driver/Inc/Legacy -I../Drivers/STM32F1xx_HAL_Driver/Inc -O0 -ffunction-sections -fdata-sections -Wall -fstack-usage -MMD -MP -MF"Core/Src/bldc.d" -MT"Core/Src/bldc.o" --specs=nano.specs -mfloat-abi=soft -mthumb -o "Core/Src/bldc.o"
../Core/Src/bldc.c: In function 'IR2101_Test1':
../Core/Src/bldc.c:13:2: warning: implicit declaration of function 'GPIO_WritePin'; did you mean 'HAL_GPIO_WritePin'? [-Wimplicit-function-declaration]
  GPIO_WritePin(GPIOA, GPIO_PIN_2, GPIO_PIN_SET);
  ^~~~~~~~~~~~~
  HAL_GPIO_WritePin
../Core/Src/bldc.c:14:2: warning: implicit declaration of function 'Delay_ms' [-Wimplicit-function-declaration]
  Delay_ms(Low_time_us);
  ^~~~~~~~
arm-none-eabi-gcc -o "Test_CubeMX.elf" @"objects.list"   -mcpu=cortex-m3 -T"C:\Users\rkdgu\Documents\Projects\24V BLDC Motor Controller\Firmware\BLDC_Motor_Controller_24V\Test_CubeMX\STM32F103RCTX_FLASH.ld" --specs=nosys.specs -Wl,-Map="Test_CubeMX.map" -Wl,--gc-sections -static --specs=nano.specs -mfloat-abi=soft -mthumb -Wl,--start-group -lc -lm -Wl,--end-group
Finished building target: Test_CubeMX.elf
 
arm-none-eabi-objdump -h -S  Test_CubeMX.elf  > "Test_CubeMX.list"
arm-none-eabi-objcopy  -O binary  Test_CubeMX.elf  "Test_CubeMX.bin"
arm-none-eabi-size   Test_CubeMX.elf 
   text	   data	    bss	    dec	    hex	filename
  15644	     20	   1828	  17492	   4454	Test_CubeMX.elf
Finished building: default.size.stdout
 
Finished building: Test_CubeMX.bin
Finished building: Test_CubeMX.list
 
 

13:01:53 Build Finished. 0 errors, 2 warnings. (took 4s.699ms)

